#-----------------------------------------------------------
# Vivado v2015.4 (64-bit)
# SW Build 1412921 on Wed Nov 18 09:43:45 MST 2015
# IP Build 1412160 on Tue Nov 17 13:47:24 MST 2015
# Start of session at: Fri Dec 09 13:21:28 2016
# Process ID: 388
# Current directory: F:/AX7020/vivado_project/02_HDMI_output_test
# Command line: vivado.exe -gui_launcher_event rodinguilauncherevent5984 F:\AX7020\vivado_project\02_HDMI_output_test\HDMI_output_test.xpr
# Log file: F:/AX7020/vivado_project/02_HDMI_output_test/vivado.log
# Journal file: F:/AX7020/vivado_project/02_HDMI_output_test\vivado.jou
#-----------------------------------------------------------
start_gui
open_project F:/AX7020/vivado_project/02_HDMI_output_test/HDMI_output_test.xpr
set_property part xc7z020clg400-2 [current_project]
reset_run synth_1
launch_runs impl_1 -to_step write_bitstream -jobs 2
wait_on_run impl_1
archive_project F:/AX7020/vivado_project/02_HDMI_output_test.xpr.zip -temp_dir F:/AX7020/vivado_project/02_HDMI_output_test/.Xil/Vivado-388-LUO -force -include_config_settings
